--model microsoft/phi-1_5@refs/pr/66 --tokenizer phi --test-allowed-error 0.2