--model codellama/CodeLlama-13b-Instruct-hf --tokenizer codellama --test-allowed-error 0.2