--model codellama/CodeLlama-34b-Instruct-hf --tokenizer llama
-s test_maxtol=8 -s test_avgtol=0.7
